>>>> [REMIX-BOOT] Iniciando checkout seguro <<<<
>>>> [SISTEMA] SERVIDOR INICIALIZADO COM SUCESSO <<<<
>>>> [BOOT] SINAL DE VIDA RECEBIDO <<<<
>>>> [BOOT] NODE_ENV: development
>>>> [BOOT] Pagarme API Key presente: true
>>>> [BOOT] Frontend URL: https://www.portal-insanus.com
WebSocket server error: Port is already in use
Firebase Admin inicializado com sucesso.
[Push Trigger] Inicializando listener de notificações para pedidos...
[StudyReminder] Agendando cron jobs.
[CLEANUP] Nenhum registro duplicado em coproduction_commissions encontrado.
>>>> [SISTEMA] SERVIDOR RODANDO NA PORTA 3000 <<<<
Server running on http://localhost:3000
[Push] Token não encontrado para identificador: AhnRMWKt400yYg6mwdRz
[Push] Token não encontrado para identificador: FNZy0U8TEhVNl83EBm0tkXlga3k2
[Push] Token não encontrado para identificador: TKYNg8HjA1Usyht0lOCh5ANE5cj1
[Push] Token não encontrado para identificador: AhnRMWKt400yYg6mwdRz
[Push] Token não encontrado para identificador: AhnRMWKt400yYg6mwdRz
[Push] Token não encontrado para identificador: 1PEtuuVU0UbCl4U28x97Fyzk2de2
[Push] Token não encontrado para identificador: LRe32HKUqXf5MLnk0jc0Cs57bY82
[Push] Token não encontrado para identificador: LRe32HKUqXf5MLnk0jc0Cs57bY82
[Push] Token não encontrado para identificador: LRe32HKUqXf5MLnk0jc0Cs57bY82
[Push] Token não encontrado para identificador: AhnRMWKt400yYg6mwdRz
[Push] Token não encontrado para identificador: LRe32HKUqXf5MLnk0jc0Cs57bY82
[Push] Token não encontrado para identificador: LRe32HKUqXf5MLnk0jc0Cs57bY82
[Push] Token não encontrado para identificador: AhnRMWKt400yYg6mwdRz
[Push] Token não encontrado para identificador: LRe32HKUqXf5MLnk0jc0Cs57bY82
[Push] Token não encontrado para identificador: LRe32HKUqXf5MLnk0jc0Cs57bY82
[Push] Token não encontrado para identificador: LRe32HKUqXf5MLnk0jc0Cs57bY82
[Push] Token não encontrado para identificador: 1PEtuuVU0UbCl4U28x97Fyzk2de2
[Push] Token não encontrado para identificador: AhnRMWKt400yYg6mwdRz
[Push] Token não encontrado para identificador: TKYNg8HjA1Usyht0lOCh5ANE5cj1
[Push] Token não encontrado para identificador: AhnRMWKt400yYg6mwdRz
[Push] Token não encontrado para identificador: LRe32HKUqXf5MLnk0jc0Cs57bY82
[Push] Token não encontrado para identificador: 1PEtuuVU0UbCl4U28x97Fyzk2de2
[Push] Token não encontrado para identificador: FNZy0U8TEhVNl83EBm0tkXlga3k2
[Push] Token não encontrado para identificador: 1PEtuuVU0UbCl4U28x97Fyzk2de2
[Push] Token não encontrado para identificador: LRe32HKUqXf5MLnk0jc0Cs57bY82
[Push] Token não encontrado para identificador: FNZy0U8TEhVNl83EBm0tkXlga3k2
[Push] Token não encontrado para identificador: LRe32HKUqXf5MLnk0jc0Cs57bY82
[Push] Token não encontrado para identificador: FNZy0U8TEhVNl83EBm0tkXlga3k2
[Push] Token não encontrado para identificador: 1PEtuuVU0UbCl4U28x97Fyzk2de2
[Push] Token não encontrado para identificador: FNZy0U8TEhVNl83EBm0tkXlga3k2
[Push] Token não encontrado para identificador: LRe32HKUqXf5MLnk0jc0Cs57bY82
[Push] Token não encontrado para identificador: LftS4zigjOYik0c3ya8zEbBg93r1
[Push] Token não encontrado para identificador: wwnUpyQZwzF9DQL8YSJb
[Push] Token não encontrado para identificador: wwnUpyQZwzF9DQL8YSJb
[Push] Token não encontrado para identificador: AhnRMWKt400yYg6mwdRz
[Push] Token não encontrado para identificador: wwnUpyQZwzF9DQL8YSJb
[Push] Token não encontrado para identificador: AhnRMWKt400yYg6mwdRz
[Push] Token não encontrado para identificador: AhnRMWKt400yYg6mwdRz
[Push] Token não encontrado para identificador: AhnRMWKt400yYg6mwdRz
[Push] Token não encontrado para identificador: AhnRMWKt400yYg6mwdRz
[Push] Token não encontrado para identificador: wwnUpyQZwzF9DQL8YSJb
[Push] Token não encontrado para identificador: AhnRMWKt400yYg6mwdRz
[Push] Token não encontrado para identificador: wwnUpyQZwzF9DQL8YSJb
[Push] Token não encontrado para identificador: AhnRMWKt400yYg6mwdRz
[Push] Token não encontrado para identificador: AhnRMWKt400yYg6mwdRz
[Push] Token não encontrado para identificador: AhnRMWKt400yYg6mwdRz
[Push] Token não encontrado para identificador: AhnRMWKt400yYg6mwdRz
[Push] Token não encontrado para identificador: wwnUpyQZwzF9DQL8YSJb
[Push] Token não encontrado para identificador: AhnRMWKt400yYg6mwdRz
[Push] Token não encontrado para identificador: wwnUpyQZwzF9DQL8YSJb
[Push] Token não encontrado para identificador: AhnRMWKt400yYg6mwdRz
[Push] Token não encontrado para identificador: AhnRMWKt400yYg6mwdRz
[Push] Token não encontrado para identificador: AhnRMWKt400yYg6mwdRz
[Push] Token não encontrado para identificador: AhnRMWKt400yYg6mwdRz
[Push] Token não encontrado para identificador: AhnRMWKt400yYg6mwdRz
[Push] Token não encontrado para identificador: AhnRMWKt400yYg6mwdRz
[Push] Token não encontrado para identificador: LftS4zigjOYik0c3ya8zEbBg93r1
[Push] Token não encontrado para identificador: AhnRMWKt400yYg6mwdRz
[Push] Token não encontrado para identificador: LftS4zigjOYik0c3ya8zEbBg93r1
[Push] Token não encontrado para identificador: LftS4zigjOYik0c3ya8zEbBg93r1
